INFO:  latexindent version 4.0.2, 2026-06-06, a script to indent .tex files
       latexindent lives here: /Users/luisalejandrordc/.local/share/nvim/mason/packages/latexindent/
       Sat Sep 19 12:49:15 2026
       Reading input from STDIN
INFO:  Processing switches:
INFO:  Directory for backup files and log file indent.log:
       .
INFO:  YAML settings read: defaultSettings.yaml
       Reading defaultSettings.yaml from /Users/luisalejandrordc/.local/share/nvim/mason/packages/latexindent/defaultSettings.yaml
       Reading defaultSettings.yaml (2nd attempt) from /Users/luisalejandrordc/.local/share/nvim/mason/packages/latexindent/../../texmf-dist/scripts/latexindent/defaultSettings.yaml
       and then, if necessary, /Users/luisalejandrordc/.local/share/nvim/mason/packages/latexindent/LatexIndent/defaultSettings.yaml
INFO:  YAML reading settings
       Home directory is /Users/luisalejandrordc
       latexindent.pl didn't find indentconfig.yaml or .indentconfig.yaml
       see all possible locations: https://latexindentpl.readthedocs.io/en/latest/sec-appendices.html#indentconfig-options
INFO:  Output routine:
       Not outputting to file; see -w and -o switches for more options.
       --------------
INFO:  Please direct all communication/issues to:
       https://github.com/cmhughes/latexindent.pl
       documentation: https://latexindentpl.readthedocs.io/en/latest/
